{"logTime": "1002/141158", "correlationVector":"fA1OmhpUIb/q7spLwANRFc.1","action":"SyncServerConnectionManagerRequest", "result":"SYNC_SERVER_OK", "context":{"environment":"Prod_southindia_prod-s01-004-apac-southindia", "migrationStage":"NotStarted", "server":"akswtt10700005u"}}
{"logTime": "1002/141158", "correlationVector":"fA1OmhpUIb/q7spLwANRFc.2","action":"ProcessGetUpdates", "result":"Done", "context":{"dataType":"Encryption Keys", "deleted":"0", "process_failed_to_decrypt":"0", "process_pending_decryption":"0", "process_success":"1", "total":"1"}}
{"logTime": "1002/141159", "correlationVector":"JFN8aUQqhdmAZ/Qqun+O2F","action":"SyncServerConnectionManagerRequest", "result":"SYNC_SERVER_OK", "context":{"environment":"", "migrationStage":"", "server":""}}
{"logTime": "1002/141159", "correlationVector":"JFN8aUQqhdmAZ/Qqun+O2F.0","action":"EncryptionKeysFetcher.DownloadKeys:", "result":"Success", "context":Key count: 7, Last key timestamp: 2026-06-10T14:59:28Z}
{"logTime": "1002/141159", "correlationVector":"JFN8aUQqhdmAZ/Qqun+O2F.1","action":"EncryptionKeysManager::SetEncryptionKeys:", "result":"Success", "context":Key names[7]:[6S10OiLFhJzDozyPMUrsPAwlTYNV6+oehzBBJfuR+/PO7ygkXlBaThqbda8U7DJ0ACLimNfH3e4NGz9c7bfOeA==][g4TYOX0kR0HMHHhZqBakoHib5ZJcoALBlFCjvgXXbsauYE7mxB2acCbFnjii62MuCcUnBfDyXYrmyzs9QAIHgA==][D3TKbyv89sY6Tsz9uF2IJzlfjYAfMk7iQWeJkF3uW20ZuHN3TDTuh14i+yvrV0ojrETePJjSFtiNGltCJtewmQ==][H8lt2KL3qSd5mjZAxYS7oLpiWy08pHBViizKUDriLEDiKTM/J0bB3zMKnIuAW+ROKNmwhsQGjxSNua2cMS5zrQ==][j8vsdct3oZC02BaV0J/PYqdPVbdJviWwcRgBzZPadLVlO6Ze87qULH3HRelW8ZVyaH3WATq/lpY0RJ9t07AOFg==][dlY8Pz1vDCbiiLrG/f14grNJZiO7TgCo8LbimDLmb6r8UkYwlXlOlXAud6f0hBr2lI9j8l+5jO1gAsSid+Ur/w==][Aw9ItK2PCHq60egHZAtHY053/OSHDbf4qi+AOfoiDmKUd/RBk4OzRdbadnABy82J7noHiqajp5xt/0TewMs1pQ==]}
{"logTime": "1002/141159", "correlationVector":"JFN8aUQqhdmAZ/Qqun+O2F.2","action":"EncryptionKeysManager::SetEncryptionKeysWithTimestamps:", "result":"Success", "context":Key timestamps[7]:[2023-10-20T07:12:47Z][2024-04-26T13:35:57Z][2024-08-30T04:37:16Z][2024-11-05T12:49:09Z][2025-05-07T04:19:49Z][2025-11-11T14:11:46Z][2026-06-10T14:59:28Z]}
{"logTime": "1002/141159", "correlationVector":"fA1OmhpUIb/q7spLwANRFc","action":"Initial GetUpdates", "result":"", "context":Reason: NEW_CLIENT. cV=fA1OmhpUIb/q7spLwANRFc}
{"logTime": "1002/141159", "correlationVector":"fA1OmhpUIb/q7spLwANRFc.3","action":"GetUpdates Response", "result":"Success", "context":Received 1 update(s). cV=fA1OmhpUIb/q7spLwANRFc.0;server=akswtt10700005u;cloudType=Consumer;environment=Prod_southindia_prod-s01-004-apac-southindia;migrationStage=NotStarted}
{"logTime": "1002/141159", "correlationVector":"4aQP1eEQ9VGDvYLAfoB3fo","action":"Initial GetUpdates", "result":"", "context":Reason: NEWLY_SUPPORTED_DATATYPE. cV=4aQP1eEQ9VGDvYLAfoB3fo}
{"logTime": "1002/141159", "correlationVector":"4aQP1eEQ9VGDvYLAfoB3fo.1","action":"SyncServerConnectionManagerRequest", "result":"SYNC_SERVER_OK", "context":{"environment":"Prod_southindia_prod-s01-004-apac-southindia", "migrationStage":"NotStarted", "server":"akswtt10700005q"}}
{"logTime": "1002/141159", "correlationVector":"4aQP1eEQ9VGDvYLAfoB3fo.2","action":"ProcessGetUpdates", "result":"Done", "context":{"dataType":"Passwords", "deleted":"0", "process_failed_to_decrypt":"0", "process_pending_decryption":"0", "process_success":"79", "total":"79"}}
{"logTime": "1002/141159", "correlationVector":"4aQP1eEQ9VGDvYLAfoB3fo.3","action":"ProcessGetUpdates", "result":"Done", "context":{"dataType":"Device Info", "deleted":"0", "process_failed_to_decrypt":"0", "process_pending_decryption":"0", "process_success":"19", "total":"19"}}
{"logTime": "1002/141159", "correlationVector":"4aQP1eEQ9VGDvYLAfoB3fo.4","action":"GetUpdates Response", "result":"Success", "context":Received 98 update(s). cV=4aQP1eEQ9VGDvYLAfoB3fo.0;server=akswtt10700005q;cloudType=Consumer;environment=Prod_southindia_prod-s01-004-apac-southindia;migrationStage=NotStarted}
{"logTime": "1002/141159", "correlationVector":"nRper4qcLKcsj4BUba3b19","action":"Initial GetUpdates", "result":"", "context":Reason: NEWLY_SUPPORTED_DATATYPE. cV=nRper4qcLKcsj4BUba3b19}
{"logTime": "1002/141200", "correlationVector":"nRper4qcLKcsj4BUba3b19.1","action":"SyncServerConnectionManagerRequest", "result":"SYNC_SERVER_OK", "context":{"environment":"Prod_southindia_prod-s01-004-apac-southindia", "migrationStage":"NotStarted", "server":"akswtt1070000cc"}}
{"logTime": "1002/141200", "correlationVector":"nRper4qcLKcsj4BUba3b19.2","action":"ProcessGetUpdates", "result":"Done", "context":{"dataType":"Bookmarks", "deleted":"0", "process_failed_to_decrypt":"0", "process_pending_decryption":"0", "process_success":"8", "total":"8"}}
{"logTime": "1002/141200", "correlationVector":"nRper4qcLKcsj4BUba3b19.3","action":"ProcessGetUpdates", "result":"Done", "context":{"dataType":"Preferences", "deleted":"0", "process_failed_to_decrypt":"0", "process_pending_decryption":"0", "process_success":"63", "total":"63"}}
{"logTime": "1002/141200", "correlationVector":"nRper4qcLKcsj4BUba3b19.4","action":"ProcessGetUpdates", "result":"Done", "context":{"dataType":"Autofill Profiles", "deleted":"0", "process_failed_to_decrypt":"0", "process_pending_decryption":"0", "process_success":"8", "total":"8"}}
{"logTime": "1002/141200", "correlationVector":"nRper4qcLKcsj4BUba3b19.5","action":"ProcessGetUpdates", "result":"Done", "context":{"dataType":"Autofill", "deleted":"0", "process_failed_to_decrypt":"0", "process_pending_decryption":"0", "process_success":"169", "total":"169"}}
{"logTime": "1002/141200", "correlationVector":"nRper4qcLKcsj4BUba3b19.6","action":"ProcessGetUpdates", "result":"Done", "context":{"dataType":"Saved Tab Group", "deleted":"2", "process_failed_to_decrypt":"0", "process_pending_decryption":"0", "process_success":"2", "total":"2"}}
{"logTime": "1002/141200", "correlationVector":"nRper4qcLKcsj4BUba3b19.7","action":"GetUpdates Response", "result":"Success", "context":Received 250 update(s). cV=nRper4qcLKcsj4BUba3b19.0;server=akswtt1070000cc;cloudType=Consumer;environment=Prod_southindia_prod-s01-004-apac-southindia;migrationStage=NotStarted Some updates remain.}
{"logTime": "1002/141200", "correlationVector":"VFJ+ml3grvueK4PaZJ6xkt","action":"Initial GetUpdates", "result":"", "context":Reason: NEWLY_SUPPORTED_DATATYPE. cV=VFJ+ml3grvueK4PaZJ6xkt}
{"logTime": "1002/141201", "correlationVector":"VFJ+ml3grvueK4PaZJ6xkt.1","action":"SyncServerConnectionManagerRequest", "result":"SYNC_SERVER_OK", "context":{"environment":"Prod_southindia_prod-s01-004-apac-southindia", "migrationStage":"NotStarted", "server":"akswtt107000041"}}
{"logTime": "1002/141201", "correlationVector":"VFJ+ml3grvueK4PaZJ6xkt.2","action":"ProcessGetUpdates", "result":"Done", "context":{"dataType":"Autofill", "deleted":"0", "process_failed_to_decrypt":"0", "process_pending_decryption":"0", "process_success":"250", "total":"250"}}
{"logTime": "1002/141202", "correlationVector":"VFJ+ml3grvueK4PaZJ6xkt.3","action":"GetUpdates Response", "result":"Success", "context":Received 250 update(s). cV=VFJ+ml3grvueK4PaZJ6xkt.0;server=akswtt107000041;cloudType=Consumer;environment=Prod_southindia_prod-s01-004-apac-southindia;migrationStage=NotStarted Some updates remain.}
{"logTime": "1002/141202", "correlationVector":"ClvLQBfxaJUnIp/WDMUKRz","action":"Initial GetUpdates", "result":"", "context":Reason: NEWLY_SUPPORTED_DATATYPE. cV=ClvLQBfxaJUnIp/WDMUKRz}
{"logTime": "1002/141202", "correlationVector":"ClvLQBfxaJUnIp/WDMUKRz.1","action":"SyncServerConnectionManagerRequest", "result":"SYNC_SERVER_OK", "context":{"environment":"Prod_southindia_prod-s01-004-apac-southindia", "migrationStage":"NotStarted", "server":"akswtt107000059"}}
{"logTime": "1002/141202", "correlationVector":"ClvLQBfxaJUnIp/WDMUKRz.2","action":"ProcessGetUpdates", "result":"Done", "context":{"dataType":"Bookmarks", "deleted":"0", "process_failed_to_decrypt":"0", "process_pending_decryption":"0", "process_success":"1", "total":"1"}}
{"logTime": "1002/141202", "correlationVector":"ClvLQBfxaJUnIp/WDMUKRz.3","action":"ProcessGetUpdates", "result":"Done", "context":{"dataType":"Preferences", "deleted":"0", "process_failed_to_decrypt":"0", "process_pending_decryption":"0", "process_success":"15", "total":"15"}}
{"logTime": "1002/141202", "correlationVector":"ClvLQBfxaJUnIp/WDMUKRz.4","action":"ProcessGetUpdates", "result":"Done", "context":{"dataType":"Autofill Profiles", "deleted":"0", "process_failed_to_decrypt":"0", "process_pending_decryption":"0", "process_success":"4", "total":"4"}}
{"logTime": "1002/141202", "correlationVector":"ClvLQBfxaJUnIp/WDMUKRz.5","action":"ProcessGetUpdates", "result":"Done", "context":{"dataType":"Autofill", "deleted":"0", "process_failed_to_decrypt":"0", "process_pending_decryption":"0", "process_success":"66", "total":"66"}}
{"logTime": "1002/141202", "correlationVector":"ClvLQBfxaJUnIp/WDMUKRz.6","action":"ProcessGetUpdates", "result":"Done", "context":{"dataType":"Sessions", "deleted":"0", "process_failed_to_decrypt":"0", "process_pending_decryption":"0", "process_success":"2", "total":"2"}}
{"logTime": "1002/141202", "correlationVector":"ClvLQBfxaJUnIp/WDMUKRz.7","action":"GetUpdates Response", "result":"Success", "context":Received 88 update(s). cV=ClvLQBfxaJUnIp/WDMUKRz.0;server=akswtt107000059;cloudType=Consumer;environment=Prod_southindia_prod-s01-004-apac-southindia;migrationStage=NotStarted}
{"logTime": "1002/141202", "correlationVector":"aoMMyoQO2TiEjmM0qI16ZO","action":"Initial GetUpdates", "result":"", "context":Reason: NEWLY_SUPPORTED_DATATYPE. cV=aoMMyoQO2TiEjmM0qI16ZO}
{"logTime": "1002/141202", "correlationVector":"aoMMyoQO2TiEjmM0qI16ZO.1","action":"SyncServerConnectionManagerRequest", "result":"SYNC_SERVER_OK", "context":{"environment":"Prod_southindia_prod-s01-004-apac-southindia", "migrationStage":"NotStarted", "server":"akswtt1070000c8"}}
{"logTime": "1002/141202", "correlationVector":"aoMMyoQO2TiEjmM0qI16ZO.2","action":"GetUpdates Response", "result":"Success", "context":Received 0 update(s). cV=aoMMyoQO2TiEjmM0qI16ZO.0;server=akswtt1070000c8;cloudType=Consumer;environment=Prod_southindia_prod-s01-004-apac-southindia;migrationStage=NotStarted}
{"logTime": "1002/141202", "correlationVector":"gD+Juo5U1C8klWdz4H4gfP","action":"Normal GetUpdate request", "result":"", "context":cV=gD+Juo5U1C8klWdz4H4gfP
Nudged types: Sessions, Device Info, User Consents
Refresh requested types: Bookmarks, Preferences, Passwords, Autofill Profiles, Autofill, Extensions, Sessions, Extension settings, History Delete Directives, Device Info, User Consents, Send Tab To Self, Web Apps, History, Saved Tab Group, WebAuthn Credentials, Edge Hub App Usage, Edge Workspace, Encryption Keys}
{"logTime": "1002/141203", "correlationVector":"gD+Juo5U1C8klWdz4H4gfP.1","action":"SyncServerConnectionManagerRequest", "result":"SYNC_SERVER_OK", "context":{"environment":"Prod_southindia_prod-s01-004-apac-southindia", "migrationStage":"NotStarted", "server":"akswtt10700005q"}}
{"logTime": "1002/141203", "correlationVector":"gD+Juo5U1C8klWdz4H4gfP.2","action":"GetUpdates Response", "result":"Success", "context":Received 0 update(s). cV=gD+Juo5U1C8klWdz4H4gfP.0;server=akswtt10700005q;cloudType=Consumer;environment=Prod_southindia_prod-s01-004-apac-southindia;migrationStage=NotStarted}
{"logTime": "1002/141203", "correlationVector":"ggefdjB2GKlyBvwFo5knA1","action":"DoCompareDataConsistency requsted types: ", "result":"Bookmarks, Preferences, Passwords, Extensions, Extension settings, History Delete Directives, Send Tab To Self, Web Apps, History, Saved Tab Group, WebAuthn Credentials, Edge Workspace, Encryption Keys"}
{"logTime": "1002/141203", "correlationVector":"ggefdjB2GKlyBvwFo5knA1.0","action":"CompareDataConsistency result: ", "result":"Compare result: Encryption Keys is consistent. local entities count is: 1 local entities hash is: RzTLCX9ZvdvydASyvEjWw7HQQ2I="}
{"logTime": "1002/141203", "correlationVector":"ggefdjB2GKlyBvwFo5knA1.1","action":"CompareDataConsistency result: ", "result":"Compare result: Bookmarks is consistent. local entities count is: 3 local entities hash is: W+3pVLj7AMwO3TbZEiFqjR9IuCw="}
{"logTime": "1002/141203", "correlationVector":"ggefdjB2GKlyBvwFo5knA1.2","action":"CompareDataConsistency result: ", "result":"Compare result: Preferences is consistent. local entities count is: 78 local entities hash is: 4fCwonA5NGgdO31Hu6wd9yvfH7U="}
{"logTime": "1002/141203", "correlationVector":"ggefdjB2GKlyBvwFo5knA1.3","action":"CompareDataConsistency result: ", "result":"Compare result: Extensions is consistent. local entities count is: 0 local entities hash is: "}
{"logTime": "1002/141203", "correlationVector":"ggefdjB2GKlyBvwFo5knA1.4","action":"CompareDataConsistency result: ", "result":"Compare result: Extension settings is consistent. local entities count is: 0 local entities hash is: "}
{"logTime": "1002/141203", "correlationVector":"ggefdjB2GKlyBvwFo5knA1.5","action":"CompareDataConsistency result: ", "result":"Compare result: History Delete Directives is consistent. local entities count is: 0 local entities hash is: "}
{"logTime": "1002/141203", "correlationVector":"ggefdjB2GKlyBvwFo5knA1.6","action":"CompareDataConsistency result: ", "result":"Server did not send this Send Tab To Self local entities count is: 0 local entities hash is: "}
{"logTime": "1002/141203", "correlationVector":"ggefdjB2GKlyBvwFo5knA1.7","action":"CompareDataConsistency result: ", "result":"Compare result: Web Apps is consistent. local entities count is: 0 local entities hash is: "}
{"logTime": "1002/141203", "correlationVector":"ggefdjB2GKlyBvwFo5knA1.8","action":"CompareDataConsistency result: ", "result":"Server did not send this History local entities count is: 0 local entities hash is: "}
{"logTime": "1002/141203", "correlationVector":"ggefdjB2GKlyBvwFo5knA1.9","action":"CompareDataConsistency result: ", "result":"Compare result: Saved Tab Group is consistent. local entities count is: 0 local entities hash is: "}
{"logTime": "1002/141203", "correlationVector":"ggefdjB2GKlyBvwFo5knA1.10","action":"CompareDataConsistency result: ", "result":"Server did not send this WebAuthn Credentials local entities count is: 0 local entities hash is: "}
{"logTime": "1002/141203", "correlationVector":"ggefdjB2GKlyBvwFo5knA1.11","action":"CompareDataConsistency result: ", "result":"Server did not send this Edge Workspace local entities count is: 0 local entities hash is: "}
{"logTime": "1002/141203", "correlationVector":"ggefdjB2GKlyBvwFo5knA1.12","action":"CompareDataConsistency result: ", "result":"Compare result: Passwords is consistent. local entities count is: 79 local entities hash is: MUgr0cfVHZwAZ/26huIrhs5/2Ww="}
{"logTime": "1002/141203", "correlationVector":"IWBiBjD4SMf8rBa7BKknfW","action":"Commit Request", "result":"", "context":Item count: 4
Contributing types: Sessions, Device Info, User Consents}
{"logTime": "1002/141205", "correlationVector":"IWBiBjD4SMf8rBa7BKknfW.1","action":"SyncServerConnectionManagerRequest", "result":"SYNC_SERVER_OK", "context":{"environment":"Prod_southindia_prod-s01-004-apac-southindia", "migrationStage":"NotStarted", "server":"akswtt10700006k"}}
{"logTime": "1002/141205", "correlationVector":"IWBiBjD4SMf8rBa7BKknfW.2","action":"Commit Response", "result":"Success", "context":Result: Success. cV=IWBiBjD4SMf8rBa7BKknfW.0;server=akswtt10700006k;cloudType=Consumer;environment=Prod_southindia_prod-s01-004-apac-southindia;migrationStage=NotStarted}
{"logTime": "1002/141205", "correlationVector":"","action":"DIAGNOSTIC_REQUEST|v1/diagnosticData/Diagnostic.SendCheckResult()|SUCCESS", "result":""}
{"logTime": "1002/141444", "correlationVector":"FEsROD34IwJwBEBjz8cPrE","action":"Normal GetUpdate request", "result":"", "context":cV=FEsROD34IwJwBEBjz8cPrE
Nudged types: Sessions
Refresh requested types: Bookmarks, Preferences, Passwords, Autofill Profiles, Autofill, Extensions, Sessions, Extension settings, History Delete Directives, Device Info, User Consents, Send Tab To Self, Web Apps, History, Saved Tab Group, WebAuthn Credentials, Edge Hub App Usage, Edge Workspace, Encryption Keys}
{"logTime": "1002/141444", "correlationVector":"FEsROD34IwJwBEBjz8cPrE.1","action":"SyncServerConnectionManagerRequest", "result":"SYNC_SERVER_OK", "context":{"environment":"Prod_southindia_prod-s01-004-apac-southindia", "migrationStage":"NotStarted", "server":"akswtt10700005b"}}
{"logTime": "1002/141444", "correlationVector":"FEsROD34IwJwBEBjz8cPrE.2","action":"ProcessGetUpdates", "result":"Done", "context":{"dataType":"Sessions", "deleted":"0", "process_failed_to_decrypt":"0", "process_pending_decryption":"0", "process_success":"2", "total":"2"}}
{"logTime": "1002/141444", "correlationVector":"FEsROD34IwJwBEBjz8cPrE.3","action":"ProcessGetUpdates", "result":"Done", "context":{"dataType":"Device Info", "deleted":"0", "process_failed_to_decrypt":"0", "process_pending_decryption":"0", "process_success":"1", "total":"1"}}
{"logTime": "1002/141444", "correlationVector":"FEsROD34IwJwBEBjz8cPrE.4","action":"GetUpdates Response", "result":"Success", "context":Received 3 update(s). cV=FEsROD34IwJwBEBjz8cPrE.0;server=akswtt10700005b;cloudType=Consumer;environment=Prod_southindia_prod-s01-004-apac-southindia;migrationStage=NotStarted}
{"logTime": "1002/141444", "correlationVector":"XIT0Fe4HrNqCbHUn0huTw+","action":"Commit Request", "result":"", "context":Item count: 2
Contributing types: Sessions}
{"logTime": "1002/141444", "correlationVector":"XIT0Fe4HrNqCbHUn0huTw+.1","action":"SyncServerConnectionManagerRequest", "result":"SYNC_SERVER_OK", "context":{"environment":"Prod_southindia_prod-s01-004-apac-southindia", "migrationStage":"NotStarted", "server":"akswtt1070000c5"}}
{"logTime": "1002/141444", "correlationVector":"XIT0Fe4HrNqCbHUn0huTw+.2","action":"Commit Response", "result":"Success", "context":Result: Success. cV=XIT0Fe4HrNqCbHUn0huTw+.0;server=akswtt1070000c5;cloudType=Consumer;environment=Prod_southindia_prod-s01-004-apac-southindia;migrationStage=NotStarted}
{"logTime": "1002/141446", "correlationVector":"tgZNUUxsNGO/DkZOg4RKfQ","action":"Commit Request", "result":"", "context":Item count: 6
Contributing types: Autofill Profiles}
{"logTime": "1002/141448", "correlationVector":"tgZNUUxsNGO/DkZOg4RKfQ.1","action":"SyncServerConnectionManagerRequest", "result":"SYNC_SERVER_OK", "context":{"environment":"Prod_southindia_prod-s01-004-apac-southindia", "migrationStage":"NotStarted", "server":"akswtt10700004v"}}
{"logTime": "1002/141448", "correlationVector":"tgZNUUxsNGO/DkZOg4RKfQ.3","action":"Commit.Autofill Profiles", "result":"Success", "context":{"id":"b3e96b62-de9e-4e96-a391-e4355b2f61e1", "isDeleted":"true", "size":"0", "version":"1762870313347"}}
{"logTime": "1002/141448", "correlationVector":"tgZNUUxsNGO/DkZOg4RKfQ.4","action":"Commit.Autofill Profiles", "result":"Success", "context":{"id":"00faefff-24e6-4b8a-aca2-6933d76bd147", "isDeleted":"true", "size":"0", "version":"1762870313349"}}
{"logTime": "1002/141448", "correlationVector":"tgZNUUxsNGO/DkZOg4RKfQ.5","action":"Commit.Autofill Profiles", "result":"Success", "context":{"id":"9b037fb8-1642-4b23-accc-302b4cb89771", "isDeleted":"true", "size":"0", "version":"1762870313353"}}
{"logTime": "1002/141448", "correlationVector":"tgZNUUxsNGO/DkZOg4RKfQ.6","action":"Commit.Autofill Profiles", "result":"Success", "context":{"id":"c8b49099-770e-4eb9-98b2-d15dbf2fb1db", "isDeleted":"true", "size":"0", "version":"1762870313355"}}
{"logTime": "1002/141448", "correlationVector":"tgZNUUxsNGO/DkZOg4RKfQ.7","action":"Commit.Autofill Profiles", "result":"Success", "context":{"id":"6be557e6-0939-4dcc-8a8f-a91862d91289", "isDeleted":"true", "size":"0", "version":"1762870313354"}}
{"logTime": "1002/141448", "correlationVector":"tgZNUUxsNGO/DkZOg4RKfQ.8","action":"Commit.Autofill Profiles", "result":"Success", "context":{"id":"2dd5c797-d42f-4d18-ac6f-1e0e02809eac", "isDeleted":"true", "size":"0", "version":"1762870313357"}}
{"logTime": "1002/141448", "correlationVector":"tgZNUUxsNGO/DkZOg4RKfQ.2","action":"Commit Response", "result":"Success", "context":Result: Success. cV=tgZNUUxsNGO/DkZOg4RKfQ.0;server=akswtt10700004v;cloudType=Consumer;environment=Prod_southindia_prod-s01-004-apac-southindia;migrationStage=NotStarted}
{"logTime": "1002/141939", "correlationVector":"27lapoTQzSJqPUWiSOWA+a","action":"Normal GetUpdate request", "result":"", "context":cV=27lapoTQzSJqPUWiSOWA+a
Nudged types: Sessions
Refresh requested types: Bookmarks, Preferences, Passwords, Autofill Profiles, Autofill, Extensions, Sessions, Extension settings, History Delete Directives, Device Info, User Consents, Send Tab To Self, Web Apps, History, Saved Tab Group, WebAuthn Credentials, Edge Hub App Usage, Edge Workspace, Encryption Keys}
{"logTime": "1002/141940", "correlationVector":"27lapoTQzSJqPUWiSOWA+a.1","action":"SyncServerConnectionManagerRequest", "result":"SYNC_SERVER_OK", "context":{"environment":"Prod_southindia_prod-s01-004-apac-southindia", "migrationStage":"NotStarted", "server":"akswtt10700004b"}}
{"logTime": "1002/141940", "correlationVector":"27lapoTQzSJqPUWiSOWA+a.2","action":"ProcessGetUpdates", "result":"Done", "context":{"dataType":"Autofill Profiles", "deleted":"6", "process_failed_to_decrypt":"0", "process_pending_decryption":"0", "process_success":"6", "total":"6"}}
{"logTime": "1002/141940", "correlationVector":"27lapoTQzSJqPUWiSOWA+a.3","action":"ProcessGetUpdates", "result":"Done", "context":{"dataType":"Sessions", "deleted":"0", "process_failed_to_decrypt":"0", "process_pending_decryption":"0", "process_success":"2", "total":"2"}}
{"logTime": "1002/141940", "correlationVector":"27lapoTQzSJqPUWiSOWA+a.4","action":"GetUpdates Response", "result":"Success", "context":Received 8 update(s). cV=27lapoTQzSJqPUWiSOWA+a.0;server=akswtt10700004b;cloudType=Consumer;environment=Prod_southindia_prod-s01-004-apac-southindia;migrationStage=NotStarted}
{"logTime": "1002/141940", "correlationVector":"eVvG+u29micOpbyuunSs0l","action":"Commit Request", "result":"", "context":Item count: 4
Contributing types: Sessions}
{"logTime": "1002/141940", "correlationVector":"eVvG+u29micOpbyuunSs0l.1","action":"SyncServerConnectionManagerRequest", "result":"SYNC_SERVER_OK", "context":{"environment":"Prod_southindia_prod-s01-004-apac-southindia", "migrationStage":"NotStarted", "server":"akswtt1070000cp"}}
{"logTime": "1002/141940", "correlationVector":"eVvG+u29micOpbyuunSs0l.3","action":"Commit.Sessions", "result":"Success", "context":{"id":"6383d090-562c-4669-9c8b-1eb8b8915178", "isDeleted":"true", "size":"0", "version":"1790950257291"}}
{"logTime": "1002/141940", "correlationVector":"eVvG+u29micOpbyuunSs0l.4","action":"Commit.Sessions", "result":"Success", "context":{"id":"ae82613c-3f98-4dae-9420-bd4b86af054d", "isDeleted":"true", "size":"0", "version":"1790950416862"}}
{"logTime": "1002/141940", "correlationVector":"eVvG+u29micOpbyuunSs0l.2","action":"Commit Response", "result":"Success", "context":Result: Success. cV=eVvG+u29micOpbyuunSs0l.0;server=akswtt1070000cp;cloudType=Consumer;environment=Prod_southindia_prod-s01-004-apac-southindia;migrationStage=NotStarted}
{"logTime": "1002/142320", "correlationVector":"euF61SRn8Qpg/Ji+6BrE3k","action":"Normal GetUpdate request", "result":"", "context":cV=euF61SRn8Qpg/Ji+6BrE3k
Nudged types: Sessions
Refresh requested types: Bookmarks, Preferences, Passwords, Autofill Profiles, Autofill, Extensions, Sessions, Extension settings, History Delete Directives, Device Info, User Consents, Send Tab To Self, Web Apps, History, Saved Tab Group, WebAuthn Credentials, Edge Hub App Usage, Edge Workspace, Encryption Keys}
{"logTime": "1002/142320", "correlationVector":"euF61SRn8Qpg/Ji+6BrE3k.1","action":"SyncServerConnectionManagerRequest", "result":"SYNC_SERVER_OK", "context":{"environment":"Prod_southindia_prod-s01-004-apac-southindia", "migrationStage":"NotStarted", "server":"akswtt1070000by"}}
{"logTime": "1002/142320", "correlationVector":"euF61SRn8Qpg/Ji+6BrE3k.2","action":"ProcessGetUpdates", "result":"Done", "context":{"dataType":"Sessions", "deleted":"2", "process_failed_to_decrypt":"0", "process_pending_decryption":"0", "process_success":"4", "total":"4"}}
{"logTime": "1002/142320", "correlationVector":"euF61SRn8Qpg/Ji+6BrE3k.3","action":"GetUpdates Response", "result":"Success", "context":Received 4 update(s). cV=euF61SRn8Qpg/Ji+6BrE3k.0;server=akswtt1070000by;cloudType=Consumer;environment=Prod_southindia_prod-s01-004-apac-southindia;migrationStage=NotStarted}
{"logTime": "1002/142320", "correlationVector":"5erQg3LScx7Jojz8HNprDH","action":"Commit Request", "result":"", "context":Item count: 3
Contributing types: Sessions}
{"logTime": "1002/142320", "correlationVector":"5erQg3LScx7Jojz8HNprDH.1","action":"SyncServerConnectionManagerRequest", "result":"SYNC_SERVER_OK", "context":{"environment":"Prod_southindia_prod-s01-004-apac-southindia", "migrationStage":"NotStarted", "server":"akswtt107000044"}}
{"logTime": "1002/142320", "correlationVector":"5erQg3LScx7Jojz8HNprDH.3","action":"Commit.Sessions", "result":"Success", "context":{"id":"ca9dcd75-04f2-4e99-89b2-400cbffa1d91", "isDeleted":"true", "size":"0", "version":"1790950712698"}}
{"logTime": "1002/142320", "correlationVector":"5erQg3LScx7Jojz8HNprDH.2","action":"Commit Response", "result":"Success", "context":Result: Success. cV=5erQg3LScx7Jojz8HNprDH.0;server=akswtt107000044;cloudType=Consumer;environment=Prod_southindia_prod-s01-004-apac-southindia;migrationStage=NotStarted}
{"logTime": "1002/144037", "correlationVector":"38WlJdu+4a+xgMjRPGVFBi","action":"Normal GetUpdate request", "result":"", "context":cV=38WlJdu+4a+xgMjRPGVFBi
Nudged types: Sessions
Refresh requested types: Bookmarks, Preferences, Passwords, Autofill Profiles, Autofill, Extensions, Sessions, Extension settings, History Delete Directives, Device Info, User Consents, Send Tab To Self, Web Apps, History, Saved Tab Group, WebAuthn Credentials, Edge Hub App Usage, Edge Workspace, Encryption Keys}
{"logTime": "1002/144038", "correlationVector":"38WlJdu+4a+xgMjRPGVFBi.1","action":"SyncServerConnectionManagerRequest", "result":"SYNC_SERVER_OK", "context":{"environment":"Prod_southindia_prod-s01-004-apac-southindia", "migrationStage":"NotStarted", "server":"akswtt10700005n"}}
{"logTime": "1002/144038", "correlationVector":"38WlJdu+4a+xgMjRPGVFBi.2","action":"ProcessGetUpdates", "result":"Done", "context":{"dataType":"Sessions", "deleted":"1", "process_failed_to_decrypt":"0", "process_pending_decryption":"0", "process_success":"3", "total":"3"}}
{"logTime": "1002/144038", "correlationVector":"38WlJdu+4a+xgMjRPGVFBi.3","action":"GetUpdates Response", "result":"Success", "context":Received 3 update(s). cV=38WlJdu+4a+xgMjRPGVFBi.0;server=akswtt10700005n;cloudType=Consumer;environment=Prod_southindia_prod-s01-004-apac-southindia;migrationStage=NotStarted}
{"logTime": "1002/144038", "correlationVector":"9WUPAQ0dMLHnq6lREyvqru","action":"Commit Request", "result":"", "context":Item count: 3
Contributing types: Sessions}
{"logTime": "1002/144038", "correlationVector":"9WUPAQ0dMLHnq6lREyvqru.1","action":"SyncServerConnectionManagerRequest", "result":"SYNC_SERVER_OK", "context":{"environment":"Prod_southindia_prod-s01-004-apac-southindia", "migrationStage":"NotStarted", "server":"akswtt107000050"}}
{"logTime": "1002/144038", "correlationVector":"9WUPAQ0dMLHnq6lREyvqru.3","action":"Commit.Sessions", "result":"Success", "context":{"id":"e0f48bcc-6b2a-48e8-b841-56a1c3463f5f", "isDeleted":"true", "size":"0", "version":"1790950932921"}}
{"logTime": "1002/144038", "correlationVector":"9WUPAQ0dMLHnq6lREyvqru.2","action":"Commit Response", "result":"Success", "context":Result: Success. cV=9WUPAQ0dMLHnq6lREyvqru.0;server=akswtt107000050;cloudType=Consumer;environment=Prod_southindia_prod-s01-004-apac-southindia;migrationStage=NotStarted}
{"logTime": "1002/144228", "correlationVector":"xODfl67HP2M2U4pd12Xptf","action":"Normal GetUpdate request", "result":"", "context":cV=xODfl67HP2M2U4pd12Xptf
Nudged types: Sessions
Refresh requested types: Bookmarks, Preferences, Passwords, Autofill Profiles, Autofill, Extensions, Sessions, Extension settings, History Delete Directives, Device Info, User Consents, Send Tab To Self, Web Apps, History, Saved Tab Group, WebAuthn Credentials, Edge Hub App Usage, Edge Workspace, Encryption Keys}
{"logTime": "1002/144228", "correlationVector":"xODfl67HP2M2U4pd12Xptf.1","action":"SyncServerConnectionManagerRequest", "result":"SYNC_SERVER_OK", "context":{"environment":"Prod_southindia_prod-s01-004-apac-southindia", "migrationStage":"NotStarted", "server":"akswtt107000073"}}
{"logTime": "1002/144228", "correlationVector":"xODfl67HP2M2U4pd12Xptf.2","action":"ProcessGetUpdates", "result":"Done", "context":{"dataType":"Sessions", "deleted":"1", "process_failed_to_decrypt":"0", "process_pending_decryption":"0", "process_success":"3", "total":"3"}}
{"logTime": "1002/144228", "correlationVector":"xODfl67HP2M2U4pd12Xptf.3","action":"GetUpdates Response", "result":"Success", "context":Received 3 update(s). cV=xODfl67HP2M2U4pd12Xptf.0;server=akswtt107000073;cloudType=Consumer;environment=Prod_southindia_prod-s01-004-apac-southindia;migrationStage=NotStarted}
{"logTime": "1002/144228", "correlationVector":"nVodyWJvOy0x1DAlCvNfdd","action":"Commit Request", "result":"", "context":Item count: 3
Contributing types: Sessions}
{"logTime": "1002/144228", "correlationVector":"nVodyWJvOy0x1DAlCvNfdd.1","action":"SyncServerConnectionManagerRequest", "result":"SYNC_SERVER_OK", "context":{"environment":"Prod_southindia_prod-s01-004-apac-southindia", "migrationStage":"NotStarted", "server":"akswtt1070000ct"}}
{"logTime": "1002/144228", "correlationVector":"nVodyWJvOy0x1DAlCvNfdd.3","action":"Commit.Sessions", "result":"Success", "context":{"id":"a94b41db-f3f3-4e6d-9b94-4a10510f159f", "isDeleted":"true", "size":"0", "version":"1790951970455"}}
{"logTime": "1002/144228", "correlationVector":"nVodyWJvOy0x1DAlCvNfdd.2","action":"Commit Response", "result":"Success", "context":Result: Success. cV=nVodyWJvOy0x1DAlCvNfdd.0;server=akswtt1070000ct;cloudType=Consumer;environment=Prod_southindia_prod-s01-004-apac-southindia;migrationStage=NotStarted}
{"logTime": "1002/144626", "correlationVector":"BC825pYhfThQWO8fhLe2G6","action":"Normal GetUpdate request", "result":"", "context":cV=BC825pYhfThQWO8fhLe2G6
Nudged types: Sessions
Refresh requested types: Bookmarks, Preferences, Passwords, Autofill Profiles, Autofill, Extensions, Sessions, Extension settings, History Delete Directives, Device Info, User Consents, Send Tab To Self, Web Apps, History, Saved Tab Group, WebAuthn Credentials, Edge Hub App Usage, Edge Workspace, Encryption Keys}
{"logTime": "1002/144627", "correlationVector":"BC825pYhfThQWO8fhLe2G6.1","action":"SyncServerConnectionManagerRequest", "result":"SYNC_SERVER_OK", "context":{"environment":"Prod_southindia_prod-s01-004-apac-southindia", "migrationStage":"NotStarted", "server":"akswtt1070000by"}}
{"logTime": "1002/144627", "correlationVector":"BC825pYhfThQWO8fhLe2G6.2","action":"ProcessGetUpdates", "result":"Done", "context":{"dataType":"Sessions", "deleted":"1", "process_failed_to_decrypt":"0", "process_pending_decryption":"0", "process_success":"3", "total":"3"}}
{"logTime": "1002/144627", "correlationVector":"BC825pYhfThQWO8fhLe2G6.3","action":"GetUpdates Response", "result":"Success", "context":Received 3 update(s). cV=BC825pYhfThQWO8fhLe2G6.0;server=akswtt1070000by;cloudType=Consumer;environment=Prod_southindia_prod-s01-004-apac-southindia;migrationStage=NotStarted}
{"logTime": "1002/144627", "correlationVector":"d338Fp2U9H2v0WrH1M4Hkf","action":"Commit Request", "result":"", "context":Item count: 3
Contributing types: Sessions}
{"logTime": "1002/144627", "correlationVector":"d338Fp2U9H2v0WrH1M4Hkf.1","action":"SyncServerConnectionManagerRequest", "result":"SYNC_SERVER_OK", "context":{"environment":"Prod_southindia_prod-s01-004-apac-southindia", "migrationStage":"NotStarted", "server":"akswtt1070000cy"}}
{"logTime": "1002/144627", "correlationVector":"d338Fp2U9H2v0WrH1M4Hkf.3","action":"Commit.Sessions", "result":"Success", "context":{"id":"6d193127-224e-4dd8-8c5d-e10450c20890", "isDeleted":"true", "size":"0", "version":"1790952080883"}}
{"logTime": "1002/144627", "correlationVector":"d338Fp2U9H2v0WrH1M4Hkf.2","action":"Commit Response", "result":"Success", "context":Result: Success. cV=d338Fp2U9H2v0WrH1M4Hkf.0;server=akswtt1070000cy;cloudType=Consumer;environment=Prod_southindia_prod-s01-004-apac-southindia;migrationStage=NotStarted}
{"logTime": "1002/145028", "correlationVector":"AyGdWGSrcHT/fc1gz6o00H","action":"Normal GetUpdate request", "result":"", "context":cV=AyGdWGSrcHT/fc1gz6o00H
Nudged types: Sessions
Refresh requested types: Bookmarks, Preferences, Passwords, Autofill Profiles, Autofill, Extensions, Sessions, Extension settings, History Delete Directives, Device Info, User Consents, Send Tab To Self, Web Apps, History, Saved Tab Group, WebAuthn Credentials, Edge Hub App Usage, Edge Workspace, Encryption Keys}
{"logTime": "1002/145028", "correlationVector":"AyGdWGSrcHT/fc1gz6o00H.1","action":"SyncServerConnectionManagerRequest", "result":"SYNC_SERVER_OK", "context":{"environment":"Prod_southindia_prod-s01-004-apac-southindia", "migrationStage":"NotStarted", "server":"akswtt107000041"}}
{"logTime": "1002/145028", "correlationVector":"AyGdWGSrcHT/fc1gz6o00H.2","action":"ProcessGetUpdates", "result":"Done", "context":{"dataType":"Sessions", "deleted":"1", "process_failed_to_decrypt":"0", "process_pending_decryption":"0", "process_success":"3", "total":"3"}}
{"logTime": "1002/145028", "correlationVector":"AyGdWGSrcHT/fc1gz6o00H.3","action":"GetUpdates Response", "result":"Success", "context":Received 3 update(s). cV=AyGdWGSrcHT/fc1gz6o00H.0;server=akswtt107000041;cloudType=Consumer;environment=Prod_southindia_prod-s01-004-apac-southindia;migrationStage=NotStarted}
{"logTime": "1002/145028", "correlationVector":"c8ZY7fOGE+JrsIw08OMook","action":"Commit Request", "result":"", "context":Item count: 3
Contributing types: Sessions}
{"logTime": "1002/145029", "correlationVector":"c8ZY7fOGE+JrsIw08OMook.1","action":"SyncServerConnectionManagerRequest", "result":"SYNC_SERVER_OK", "context":{"environment":"Prod_southindia_prod-s01-004-apac-southindia", "migrationStage":"NotStarted", "server":"akswtt107000047"}}
{"logTime": "1002/145029", "correlationVector":"c8ZY7fOGE+JrsIw08OMook.3","action":"Commit.Sessions", "result":"Success", "context":{"id":"4ba423ed-4043-42a5-9ad8-7596de9e9d18", "isDeleted":"true", "size":"0", "version":"1790952319558"}}
{"logTime": "1002/145029", "correlationVector":"c8ZY7fOGE+JrsIw08OMook.2","action":"Commit Response", "result":"Success", "context":Result: Success. cV=c8ZY7fOGE+JrsIw08OMook.0;server=akswtt107000047;cloudType=Consumer;environment=Prod_southindia_prod-s01-004-apac-southindia;migrationStage=NotStarted}
{"logTime": "1004/080201", "correlationVector":"vt8rTEKqG/zyVWGBpG4A67","action":"Normal GetUpdate request", "result":"", "context":cV=vt8rTEKqG/zyVWGBpG4A67
Nudged types: Sessions, Device Info
Refresh requested types: Bookmarks, Preferences, Passwords, Autofill Profiles, Autofill, Extensions, Sessions, Extension settings, History Delete Directives, Device Info, User Consents, Send Tab To Self, Web Apps, History, Saved Tab Group, WebAuthn Credentials, Edge Hub App Usage, Edge Workspace, Encryption Keys}
{"logTime": "1004/080202", "correlationVector":"vt8rTEKqG/zyVWGBpG4A67.1","action":"SyncServerConnectionManagerRequest", "result":"SYNC_SERVER_OK", "context":{"environment":"Prod_southindia_prod-s01-004-apac-southindia", "migrationStage":"NotStarted", "server":"akswtt1070000c9"}}
{"logTime": "1004/080202", "correlationVector":"vt8rTEKqG/zyVWGBpG4A67.2","action":"ProcessGetUpdates", "result":"Done", "context":{"dataType":"Sessions", "deleted":"1", "process_failed_to_decrypt":"0", "process_pending_decryption":"0", "process_success":"3", "total":"3"}}
{"logTime": "1004/080202", "correlationVector":"vt8rTEKqG/zyVWGBpG4A67.3","action":"GetUpdates Response", "result":"Success", "context":Received 3 update(s). cV=vt8rTEKqG/zyVWGBpG4A67.0;server=akswtt1070000c9;cloudType=Consumer;environment=Prod_southindia_prod-s01-004-apac-southindia;migrationStage=NotStarted}
{"logTime": "1004/080202", "correlationVector":"Wew7DmuuelrfrFcQdO6AQ3","action":"Commit Request", "result":"", "context":Item count: 4
Contributing types: Sessions, Device Info}
{"logTime": "1004/080203", "correlationVector":"Wew7DmuuelrfrFcQdO6AQ3.1","action":"SyncServerConnectionManagerRequest", "result":"SYNC_SERVER_OK", "context":{"environment":"Prod_southindia_prod-s01-004-apac-southindia", "migrationStage":"NotStarted", "server":"akswtt107000050"}}
{"logTime": "1004/080203", "correlationVector":"Wew7DmuuelrfrFcQdO6AQ3.3","action":"Commit.Sessions", "result":"Success", "context":{"id":"1e65decb-df4f-4cb2-8fee-08e319aa48b3", "isDeleted":"true", "size":"0", "version":"1790952561115"}}
{"logTime": "1004/080203", "correlationVector":"Wew7DmuuelrfrFcQdO6AQ3.2","action":"Commit Response", "result":"Success", "context":Result: Success. cV=Wew7DmuuelrfrFcQdO6AQ3.0;server=akswtt107000050;cloudType=Consumer;environment=Prod_southindia_prod-s01-004-apac-southindia;migrationStage=NotStarted}
{"logTime": "1004/080204", "correlationVector":"lsdMwzfmZiyVPwm/3zr11g","action":"SyncServerConnectionManagerRequest", "result":"SYNC_SERVER_OK", "context":{"environment":"", "migrationStage":"", "server":""}}
{"logTime": "1004/080204", "correlationVector":"lsdMwzfmZiyVPwm/3zr11g.0","action":"EncryptionKeysFetcher.DownloadKeys:", "result":"Success", "context":Key count: 7, Last key timestamp: 2026-06-10T14:59:28Z}
{"logTime": "1004/080204", "correlationVector":"lsdMwzfmZiyVPwm/3zr11g.1","action":"EncryptionKeysManager::SetEncryptionKeys:", "result":"Success", "context":Key names[7]:[6S10OiLFhJzDozyPMUrsPAwlTYNV6+oehzBBJfuR+/PO7ygkXlBaThqbda8U7DJ0ACLimNfH3e4NGz9c7bfOeA==][g4TYOX0kR0HMHHhZqBakoHib5ZJcoALBlFCjvgXXbsauYE7mxB2acCbFnjii62MuCcUnBfDyXYrmyzs9QAIHgA==][D3TKbyv89sY6Tsz9uF2IJzlfjYAfMk7iQWeJkF3uW20ZuHN3TDTuh14i+yvrV0ojrETePJjSFtiNGltCJtewmQ==][H8lt2KL3qSd5mjZAxYS7oLpiWy08pHBViizKUDriLEDiKTM/J0bB3zMKnIuAW+ROKNmwhsQGjxSNua2cMS5zrQ==][j8vsdct3oZC02BaV0J/PYqdPVbdJviWwcRgBzZPadLVlO6Ze87qULH3HRelW8ZVyaH3WATq/lpY0RJ9t07AOFg==][dlY8Pz1vDCbiiLrG/f14grNJZiO7TgCo8LbimDLmb6r8UkYwlXlOlXAud6f0hBr2lI9j8l+5jO1gAsSid+Ur/w==][Aw9ItK2PCHq60egHZAtHY053/OSHDbf4qi+AOfoiDmKUd/RBk4OzRdbadnABy82J7noHiqajp5xt/0TewMs1pQ==]}
{"logTime": "1004/080204", "correlationVector":"lsdMwzfmZiyVPwm/3zr11g.2","action":"EncryptionKeysManager::SetEncryptionKeysWithTimestamps:", "result":"Success", "context":Key timestamps[7]:[2023-10-20T07:12:47Z][2024-04-26T13:35:57Z][2024-08-30T04:37:16Z][2024-11-05T12:49:09Z][2025-05-07T04:19:49Z][2025-11-11T14:11:46Z][2026-06-10T14:59:28Z]}
{"logTime": "1004/080204", "correlationVector":"p2HMJUaVJ2OVhwm8Iu5ytM","action":"Poll GetUpdate request", "result":"", "context":cV=p2HMJUaVJ2OVhwm8Iu5ytM}
{"logTime": "1004/080204", "correlationVector":"p2HMJUaVJ2OVhwm8Iu5ytM.1","action":"SyncServerConnectionManagerRequest", "result":"SYNC_SERVER_OK", "context":{"environment":"Prod_southindia_prod-s01-004-apac-southindia", "migrationStage":"NotStarted", "server":"akswtt10700004p"}}
{"logTime": "1004/080204", "correlationVector":"p2HMJUaVJ2OVhwm8Iu5ytM.2","action":"ProcessGetUpdates", "result":"Done", "context":{"dataType":"Sessions", "deleted":"1", "process_failed_to_decrypt":"0", "process_pending_decryption":"0", "process_success":"3", "total":"3"}}
{"logTime": "1004/080204", "correlationVector":"p2HMJUaVJ2OVhwm8Iu5ytM.3","action":"ProcessGetUpdates", "result":"Done", "context":{"dataType":"Device Info", "deleted":"0", "process_failed_to_decrypt":"0", "process_pending_decryption":"0", "process_success":"1", "total":"1"}}
{"logTime": "1004/080204", "correlationVector":"p2HMJUaVJ2OVhwm8Iu5ytM.4","action":"GetUpdates Response", "result":"Success", "context":Received 4 update(s). cV=p2HMJUaVJ2OVhwm8Iu5ytM.0;server=akswtt10700004p;cloudType=Consumer;environment=Prod_southindia_prod-s01-004-apac-southindia;migrationStage=NotStarted}
{"logTime": "1004/080303", "correlationVector":"fVxYJvBjoALVe6NBy2gNUO","action":"Normal GetUpdate request", "result":"", "context":cV=fVxYJvBjoALVe6NBy2gNUO
Nudged types: Sessions
Refresh requested types: Bookmarks, Preferences, Passwords, Autofill Profiles, Autofill, Extensions, Sessions, Extension settings, History Delete Directives, Device Info, User Consents, Send Tab To Self, Web Apps, History, Saved Tab Group, WebAuthn Credentials, Edge Hub App Usage, Edge Workspace, Encryption Keys}
{"logTime": "1004/080304", "correlationVector":"fVxYJvBjoALVe6NBy2gNUO.1","action":"SyncServerConnectionManagerRequest", "result":"SYNC_SERVER_OK", "context":{"environment":"Prod_southindia_prod-s01-004-apac-southindia", "migrationStage":"NotStarted", "server":"akswtt10700005u"}}
{"logTime": "1004/080304", "correlationVector":"fVxYJvBjoALVe6NBy2gNUO.2","action":"GetUpdates Response", "result":"Success", "context":Received 0 update(s). cV=fVxYJvBjoALVe6NBy2gNUO.0;server=akswtt10700005u;cloudType=Consumer;environment=Prod_southindia_prod-s01-004-apac-southindia;migrationStage=NotStarted}
{"logTime": "1004/080304", "correlationVector":"NYQ5CdoPcEQNVzbNEkssq0","action":"Commit Request", "result":"", "context":Item count: 3
Contributing types: Sessions}
{"logTime": "1004/080304", "correlationVector":"NYQ5CdoPcEQNVzbNEkssq0.1","action":"SyncServerConnectionManagerRequest", "result":"SYNC_SERVER_OK", "context":{"environment":"Prod_southindia_prod-s01-004-apac-southindia", "migrationStage":"NotStarted", "server":"akswtt1070000cc"}}
{"logTime": "1004/080304", "correlationVector":"NYQ5CdoPcEQNVzbNEkssq0.3","action":"Commit.Sessions", "result":"Success", "context":{"id":"99f057b4-d24d-4c7a-8d5b-f84b87347daf", "isDeleted":"true", "size":"0", "version":"1791100856019"}}
{"logTime": "1004/080304", "correlationVector":"NYQ5CdoPcEQNVzbNEkssq0.2","action":"Commit Response", "result":"Success", "context":Result: Success. cV=NYQ5CdoPcEQNVzbNEkssq0.0;server=akswtt1070000cc;cloudType=Consumer;environment=Prod_southindia_prod-s01-004-apac-southindia;migrationStage=NotStarted}
{"logTime": "1004/080305", "correlationVector":"cHL5yKmP8N+xhvXYtKLuQH","action":"SyncServerConnectionManagerRequest", "result":"SYNC_SERVER_OK", "context":{"environment":"", "migrationStage":"", "server":""}}
{"logTime": "1004/080305", "correlationVector":"cHL5yKmP8N+xhvXYtKLuQH.0","action":"EncryptionKeysFetcher.DownloadKeys:", "result":"Success", "context":Key count: 7, Last key timestamp: 2026-06-10T14:59:28Z}
{"logTime": "1004/080305", "correlationVector":"cHL5yKmP8N+xhvXYtKLuQH.1","action":"EncryptionKeysManager::SetEncryptionKeys:", "result":"Success", "context":Key names[7]:[6S10OiLFhJzDozyPMUrsPAwlTYNV6+oehzBBJfuR+/PO7ygkXlBaThqbda8U7DJ0ACLimNfH3e4NGz9c7bfOeA==][g4TYOX0kR0HMHHhZqBakoHib5ZJcoALBlFCjvgXXbsauYE7mxB2acCbFnjii62MuCcUnBfDyXYrmyzs9QAIHgA==][D3TKbyv89sY6Tsz9uF2IJzlfjYAfMk7iQWeJkF3uW20ZuHN3TDTuh14i+yvrV0ojrETePJjSFtiNGltCJtewmQ==][H8lt2KL3qSd5mjZAxYS7oLpiWy08pHBViizKUDriLEDiKTM/J0bB3zMKnIuAW+ROKNmwhsQGjxSNua2cMS5zrQ==][j8vsdct3oZC02BaV0J/PYqdPVbdJviWwcRgBzZPadLVlO6Ze87qULH3HRelW8ZVyaH3WATq/lpY0RJ9t07AOFg==][dlY8Pz1vDCbiiLrG/f14grNJZiO7TgCo8LbimDLmb6r8UkYwlXlOlXAud6f0hBr2lI9j8l+5jO1gAsSid+Ur/w==][Aw9ItK2PCHq60egHZAtHY053/OSHDbf4qi+AOfoiDmKUd/RBk4OzRdbadnABy82J7noHiqajp5xt/0TewMs1pQ==]}
{"logTime": "1004/080305", "correlationVector":"cHL5yKmP8N+xhvXYtKLuQH.2","action":"EncryptionKeysManager::SetEncryptionKeysWithTimestamps:", "result":"Success", "context":Key timestamps[7]:[2023-10-20T07:12:47Z][2024-04-26T13:35:57Z][2024-08-30T04:37:16Z][2024-11-05T12:49:09Z][2025-05-07T04:19:49Z][2025-11-11T14:11:46Z][2026-06-10T14:59:28Z]}
{"logTime": "1004/080305", "correlationVector":"4xYHWgt35++0T7SPBCFq0h","action":"Poll GetUpdate request", "result":"", "context":cV=4xYHWgt35++0T7SPBCFq0h}
{"logTime": "1004/080306", "correlationVector":"4xYHWgt35++0T7SPBCFq0h.1","action":"SyncServerConnectionManagerRequest", "result":"SYNC_SERVER_OK", "context":{"environment":"Prod_southindia_prod-s01-004-apac-southindia", "migrationStage":"NotStarted", "server":"akswtt10700004v"}}
{"logTime": "1004/080306", "correlationVector":"4xYHWgt35++0T7SPBCFq0h.2","action":"ProcessGetUpdates", "result":"Done", "context":{"dataType":"Sessions", "deleted":"1", "process_failed_to_decrypt":"0", "process_pending_decryption":"0", "process_success":"3", "total":"3"}}
{"logTime": "1004/080306", "correlationVector":"4xYHWgt35++0T7SPBCFq0h.3","action":"GetUpdates Response", "result":"Success", "context":Received 3 update(s). cV=4xYHWgt35++0T7SPBCFq0h.0;server=akswtt10700004v;cloudType=Consumer;environment=Prod_southindia_prod-s01-004-apac-southindia;migrationStage=NotStarted}
